July 17, 2016 -- 2.28% errors
